Analysis & Synthesis report for can_mac_pcs_fce
Mon May 18 15:01:44 2026
Quartus Prime Version 21.1.1 Build 850 06/23/2022 SJ Standard Edition


---------------------
; Table of Contents ;
---------------------
  1. Legal Notice
  2. Analysis & Synthesis Summary
  3. Analysis & Synthesis Settings
  4. Parallel Compilation
  5. Analysis & Synthesis Source Files Read
  6. Analysis & Synthesis Resource Usage Summary
  7. Analysis & Synthesis Resource Utilization by Entity
  8. State Machine - |can_mac_pcs_fce_top|can_mac_pcs_fce:u_dut|can_pcs:u_pcs|segment
  9. State Machine - |can_mac_pcs_fce_top|can_mac_pcs_fce:u_dut|can_fce:u_fce|fce_state
 10. State Machine - |can_mac_pcs_fce_top|can_mac_pcs_fce:u_dut|can_mac:u_mac|can_mac_fsm:u_can_mac_fsm|state
 11. State Machine - |can_mac_pcs_fce_top|can_mac_pcs_fce:u_dut|can_mac:u_mac|can_mac_ser:u_can_mac_ser|state
 12. Registers Removed During Synthesis
 13. Removed Registers Triggering Further Register Optimizations
 14. General Register Statistics
 15. Multiplexer Restructuring Statistics (Restructuring Performed)
 16. Parameter Settings for User Entity Instance: can_mac_pcs_fce:u_dut|can_mac:u_mac|can_mac_crc:u_can_mac_crc|gen_crc:u_crc15
 17. Parameter Settings for User Entity Instance: can_mac_pcs_fce:u_dut|can_mac:u_mac|can_mac_crc:u_can_mac_crc|gen_crc:u_crc17
 18. Parameter Settings for User Entity Instance: can_mac_pcs_fce:u_dut|can_mac:u_mac|can_mac_crc:u_can_mac_crc|gen_crc:u_crc21
 19. Parameter Settings for User Entity Instance: can_mac_pcs_fce:u_dut|can_pcs:u_pcs
 20. Port Connectivity Checks: "can_mac_pcs_fce:u_dut|can_mac:u_mac|can_mac_crc:u_can_mac_crc|gen_crc:u_crc21"
 21. Port Connectivity Checks: "can_mac_pcs_fce:u_dut|can_mac:u_mac|can_mac_crc:u_can_mac_crc|gen_crc:u_crc17"
 22. Port Connectivity Checks: "can_mac_pcs_fce:u_dut|can_mac:u_mac|can_mac_crc:u_can_mac_crc|gen_crc:u_crc15"
 23. Post-Synthesis Netlist Statistics for Top Partition
 24. Elapsed Time Per Partition
 25. Analysis & Synthesis Messages



----------------
; Legal Notice ;
----------------
Copyright (C) 2022  Intel Corporation. All rights reserved.
Your use of Intel Corporation's design tools, logic functions 
and other software and tools, and any partner logic 
functions, and any output files from any of the foregoing 
(including device programming or simulation files), and any 
associated documentation or information are expressly subject 
to the terms and conditions of the Intel Program License 
Subscription Agreement, the Intel Quartus Prime License Agreement,
the Intel FPGA IP License Agreement, or other applicable license
agreement, including, without limitation, that your use is for
the sole purpose of programming logic devices manufactured by
Intel and sold by Intel or its authorized distributors.  Please
refer to the applicable agreement for further details, at
https://fpgasoftware.intel.com/eula.



+--------------------------------------------------------------------------------------+
; Analysis & Synthesis Summary                                                         ;
+------------------------------------+-------------------------------------------------+
; Analysis & Synthesis Status        ; Successful - Mon May 18 15:01:43 2026           ;
; Quartus Prime Version              ; 21.1.1 Build 850 06/23/2022 SJ Standard Edition ;
; Revision Name                      ; can_mac_pcs_fce                                 ;
; Top-level Entity Name              ; can_mac_pcs_fce_top                             ;
; Family                             ; Cyclone 10 LP                                   ;
; Total logic elements               ; 4,605                                           ;
;     Total combinational functions  ; 4,599                                           ;
;     Dedicated logic registers      ; 869                                             ;
; Total registers                    ; 869                                             ;
; Total pins                         ; 0                                               ;
; Total virtual pins                 ; 33                                              ;
; Total memory bits                  ; 0                                               ;
; Embedded Multiplier 9-bit elements ; 0                                               ;
; Total PLLs                         ; 0                                               ;
+------------------------------------+-------------------------------------------------+


+-------------------------------------------------------------------------------------------------------------+
; Analysis & Synthesis Settings                                                                               ;
+------------------------------------------------------------------+---------------------+--------------------+
; Option                                                           ; Setting             ; Default Value      ;
+------------------------------------------------------------------+---------------------+--------------------+
; Device                                                           ; 10CL016YU256I7G     ;                    ;
; Top-level entity name                                            ; can_mac_pcs_fce_top ; can_mac_pcs_fce    ;
; Family name                                                      ; Cyclone 10 LP       ; Cyclone V          ;
; VHDL Version                                                     ; VHDL_2008           ; VHDL_1993          ;
; Use smart compilation                                            ; Off                 ; Off                ;
; Enable parallel Assembler and Timing Analyzer during compilation ; On                  ; On                 ;
; Enable compact report table                                      ; Off                 ; Off                ;
; Restructure Multiplexers                                         ; Auto                ; Auto               ;
; Create Debugging Nodes for IP Cores                              ; Off                 ; Off                ;
; Preserve fewer node names                                        ; On                  ; On                 ;
; Intel FPGA IP Evaluation Mode                                    ; Enable              ; Enable             ;
; Verilog Version                                                  ; Verilog_2001        ; Verilog_2001       ;
; State Machine Processing                                         ; Auto                ; Auto               ;
; Safe State Machine                                               ; Off                 ; Off                ;
; Extract Verilog State Machines                                   ; On                  ; On                 ;
; Extract VHDL State Machines                                      ; On                  ; On                 ;
; Ignore Verilog initial constructs                                ; Off                 ; Off                ;
; Iteration limit for constant Verilog loops                       ; 5000                ; 5000               ;
; Iteration limit for non-constant Verilog loops                   ; 250                 ; 250                ;
; Add Pass-Through Logic to Inferred RAMs                          ; On                  ; On                 ;
; Infer RAMs from Raw Logic                                        ; On                  ; On                 ;
; Parallel Synthesis                                               ; On                  ; On                 ;
; DSP Block Balancing                                              ; Auto                ; Auto               ;
; NOT Gate Push-Back                                               ; On                  ; On                 ;
; Power-Up Don't Care                                              ; On                  ; On                 ;
; Remove Redundant Logic Cells                                     ; Off                 ; Off                ;
; Remove Duplicate Registers                                       ; On                  ; On                 ;
; Ignore CARRY Buffers                                             ; Off                 ; Off                ;
; Ignore CASCADE Buffers                                           ; Off                 ; Off                ;
; Ignore GLOBAL Buffers                                            ; Off                 ; Off                ;
; Ignore ROW GLOBAL Buffers                                        ; Off                 ; Off                ;
; Ignore LCELL Buffers                                             ; Off                 ; Off                ;
; Ignore SOFT Buffers                                              ; On                  ; On                 ;
; Limit AHDL Integers to 32 Bits                                   ; Off                 ; Off                ;
; Optimization Technique                                           ; Balanced            ; Balanced           ;
; Carry Chain Length                                               ; 70                  ; 70                 ;
; Auto Carry Chains                                                ; On                  ; On                 ;
; Auto Open-Drain Pins                                             ; On                  ; On                 ;
; Perform WYSIWYG Primitive Resynthesis                            ; Off                 ; Off                ;
; Auto ROM Replacement                                             ; On                  ; On                 ;
; Auto RAM Replacement                                             ; On                  ; On                 ;
; Auto DSP Block Replacement                                       ; On                  ; On                 ;
; Auto Shift Register Replacement                                  ; Auto                ; Auto               ;
; Allow Shift Register Merging across Hierarchies                  ; Auto                ; Auto               ;
; Auto Clock Enable Replacement                                    ; On                  ; On                 ;
; Strict RAM Replacement                                           ; Off                 ; Off                ;
; Allow Synchronous Control Signals                                ; On                  ; On                 ;
; Force Use of Synchronous Clear Signals                           ; Off                 ; Off                ;
; Auto RAM Block Balancing                                         ; On                  ; On                 ;
; Auto RAM to Logic Cell Conversion                                ; Off                 ; Off                ;
; Auto Resource Sharing                                            ; Off                 ; Off                ;
; Allow Any RAM Size For Recognition                               ; Off                 ; Off                ;
; Allow Any ROM Size For Recognition                               ; Off                 ; Off                ;
; Allow Any Shift Register Size For Recognition                    ; Off                 ; Off                ;
; Use LogicLock Constraints during Resource Balancing              ; On                  ; On                 ;
; Ignore translate_off and synthesis_off directives                ; Off                 ; Off                ;
; Timing-Driven Synthesis                                          ; On                  ; On                 ;
; Report Parameter Settings                                        ; On                  ; On                 ;
; Report Source Assignments                                        ; On                  ; On                 ;
; Report Connectivity Checks                                       ; On                  ; On                 ;
; Ignore Maximum Fan-Out Assignments                               ; Off                 ; Off                ;
; Synchronization Register Chain Length                            ; 2                   ; 2                  ;
; Power Optimization During Synthesis                              ; Normal compilation  ; Normal compilation ;
; HDL message level                                                ; Level2              ; Level2             ;
; Suppress Register Optimization Related Messages                  ; Off                 ; Off                ;
; Number of Removed Registers Reported in Synthesis Report         ; 5000                ; 5000               ;
; Number of Swept Nodes Reported in Synthesis Report               ; 5000                ; 5000               ;
; Number of Inverted Registers Reported in Synthesis Report        ; 100                 ; 100                ;
; Clock MUX Protection                                             ; On                  ; On                 ;
; Auto Gated Clock Conversion                                      ; Off                 ; Off                ;
; Block Design Naming                                              ; Auto                ; Auto               ;
; SDC constraint protection                                        ; Off                 ; Off                ;
; Synthesis Effort                                                 ; Auto                ; Auto               ;
; Shift Register Replacement - Allow Asynchronous Clear Signal     ; On                  ; On                 ;
; Pre-Mapping Resynthesis Optimization                             ; Off                 ; Off                ;
; Analysis & Synthesis Message Level                               ; Medium              ; Medium             ;
; Disable Register Merging Across Hierarchies                      ; Auto                ; Auto               ;
; Resource Aware Inference For Block RAM                           ; On                  ; On                 ;
+------------------------------------------------------------------+---------------------+--------------------+


+------------------------------------------+
; Parallel Compilation                     ;
+----------------------------+-------------+
; Processors                 ; Number      ;
+----------------------------+-------------+
; Number detected on machine ; 16          ;
; Maximum allowed            ; 16          ;
;                            ;             ;
; Average used               ; 1.03        ;
; Maximum used               ; 16          ;
;                            ;             ;
; Usage by Processor         ; % Time Used ;
;     Processor 1            ; 100.0%      ;
;     Processor 2            ;   0.2%      ;
;     Processor 3            ;   0.2%      ;
;     Processor 4            ;   0.2%      ;
;     Processor 5            ;   0.2%      ;
;     Processor 6            ;   0.2%      ;
;     Processor 7            ;   0.2%      ;
;     Processor 8            ;   0.2%      ;
;     Processors 9-16        ;   0.2%      ;
+----------------------------+-------------+


+--------------------------------------------------------------------------------------------------------------------------------------------------------------------------------------------------------------+
; Analysis & Synthesis Source Files Read                                                                                                                                                                       ;
+---------------------------------------------------+-----------------+-----------------+------------------------------------------------------------------------------------------------------------+---------+
; File Name with User-Entered Path                  ; Used in Netlist ; File Type       ; File Name with Absolute Path                                                                               ; Library ;
+---------------------------------------------------+-----------------+-----------------+------------------------------------------------------------------------------------------------------------+---------+
; top.vhd                                           ; yes             ; User VHDL File  ; C:/git_folder/triton_func/modules/ip_lib/can_bus_controller_fd/devel/syn/top.vhd                           ;         ;
; ../../../man_global_p/hdl_src/man_global_p.vhd    ; yes             ; User VHDL File  ; C:/git_folder/triton_func/modules/ip_lib/man_global_p/hdl_src/man_global_p.vhd                             ;         ;
; ../../../eth_st/hdl_src/eth_st_p.vhd              ; yes             ; User VHDL File  ; C:/git_folder/triton_func/modules/ip_lib/eth_st/hdl_src/eth_st_p.vhd                                       ;         ;
; ../../can_types_p/hdl_src/can_types_p.vhd         ; yes             ; User VHDL File  ; C:/git_folder/triton_func/modules/ip_lib/can_bus_controller_fd/can_types_p/hdl_src/can_types_p.vhd         ;         ;
; ../../../gen_crc/hdl_src/gen_crc_p.vhd            ; yes             ; User VHDL File  ; C:/git_folder/triton_func/modules/ip_lib/gen_crc/hdl_src/gen_crc_p.vhd                                     ;         ;
; ../../../gen_crc/hdl_src/gen_crc.vhd              ; yes             ; User VHDL File  ; C:/git_folder/triton_func/modules/ip_lib/gen_crc/hdl_src/gen_crc.vhd                                       ;         ;
; ../../can_mac/hdl_src/can_mac_fsm.vhd             ; yes             ; User VHDL File  ; C:/git_folder/triton_func/modules/ip_lib/can_bus_controller_fd/can_mac/hdl_src/can_mac_fsm.vhd             ;         ;
; ../../can_mac_ser/hdl_src/can_mac_ser.vhd         ; yes             ; User VHDL File  ; C:/git_folder/triton_func/modules/ip_lib/can_bus_controller_fd/can_mac_ser/hdl_src/can_mac_ser.vhd         ;         ;
; ../../can_mac_bs/hdl_src/can_mac_bs.vhd           ; yes             ; User VHDL File  ; C:/git_folder/triton_func/modules/ip_lib/can_bus_controller_fd/can_mac_bs/hdl_src/can_mac_bs.vhd           ;         ;
; ../../can_mac_crc/hdl_src/can_mac_crc.vhd         ; yes             ; User VHDL File  ; C:/git_folder/triton_func/modules/ip_lib/can_bus_controller_fd/can_mac_crc/hdl_src/can_mac_crc.vhd         ;         ;
; ../../can_mac/hdl_src/can_mac.vhd                 ; yes             ; User VHDL File  ; C:/git_folder/triton_func/modules/ip_lib/can_bus_controller_fd/can_mac/hdl_src/can_mac.vhd                 ;         ;
; ../../can_fce/hdl_src/can_fce.vhd                 ; yes             ; User VHDL File  ; C:/git_folder/triton_func/modules/ip_lib/can_bus_controller_fd/can_fce/hdl_src/can_fce.vhd                 ;         ;
; ../../can_pcs/hdl_src/can_pcs.vhd                 ; yes             ; User VHDL File  ; C:/git_folder/triton_func/modules/ip_lib/can_bus_controller_fd/can_pcs/hdl_src/can_pcs.vhd                 ;         ;
; ../../can_mac_pcs_fce/hdl_src/can_mac_pcs_fce.vhd ; yes             ; User VHDL File  ; C:/git_folder/triton_func/modules/ip_lib/can_bus_controller_fd/can_mac_pcs_fce/hdl_src/can_mac_pcs_fce.vhd ;         ;
+---------------------------------------------------+-----------------+-----------------+------------------------------------------------------------------------------------------------------------+---------+


+---------------------------------------------------------------------------------------------------------------------------------+
; Analysis & Synthesis Resource Usage Summary                                                                                     ;
+---------------------------------------------+-----------------------------------------------------------------------------------+
; Resource                                    ; Usage                                                                             ;
+---------------------------------------------+-----------------------------------------------------------------------------------+
; Estimated Total logic elements              ; 4,605                                                                             ;
;                                             ;                                                                                   ;
; Total combinational functions               ; 4599                                                                              ;
; Logic element usage by number of LUT inputs ;                                                                                   ;
;     -- 4 input functions                    ; 3528                                                                              ;
;     -- 3 input functions                    ; 798                                                                               ;
;     -- <=2 input functions                  ; 273                                                                               ;
;                                             ;                                                                                   ;
; Logic elements by mode                      ;                                                                                   ;
;     -- normal mode                          ; 4465                                                                              ;
;     -- arithmetic mode                      ; 134                                                                               ;
;                                             ;                                                                                   ;
; Total registers                             ; 869                                                                               ;
;     -- Dedicated logic registers            ; 869                                                                               ;
;     -- I/O registers                        ; 0                                                                                 ;
;                                             ;                                                                                   ;
; Virtual pins                                ; 33                                                                                ;
; I/O pins                                    ; 0                                                                                 ;
;                                             ;                                                                                   ;
; Embedded Multiplier 9-bit elements          ; 0                                                                                 ;
;                                             ;                                                                                   ;
; Maximum fan-out node                        ; can_mac_pcs_fce:u_dut|can_mac:u_mac|can_mac_fsm:u_can_mac_fsm|state.s_arbitration ;
; Maximum fan-out                             ; 1157                                                                              ;
; Total fan-out                               ; 20263                                                                             ;
; Average fan-out                             ; 3.68                                                                              ;
+---------------------------------------------+-----------------------------------------------------------------------------------+


+-----------------------------------------------------------------------------------------------------------------------------------------------------------------------------------------------------------------------------------------------------------------------------------------------------------+
; Analysis & Synthesis Resource Utilization by Entity                                                                                                                                                                                                                                                       ;
+--------------------------------------+---------------------+---------------------------+-------------+--------------+---------+-----------+------+--------------+----------------------------------------------------------------------------------------------------+---------------------+--------------+
; Compilation Hierarchy Node           ; Combinational ALUTs ; Dedicated Logic Registers ; Memory Bits ; DSP Elements ; DSP 9x9 ; DSP 18x18 ; Pins ; Virtual Pins ; Full Hierarchy Name                                                                                ; Entity Name         ; Library Name ;
+--------------------------------------+---------------------+---------------------------+-------------+--------------+---------+-----------+------+--------------+----------------------------------------------------------------------------------------------------+---------------------+--------------+
; |can_mac_pcs_fce_top                 ; 4599 (1)            ; 869 (0)                   ; 0           ; 0            ; 0       ; 0         ; 0    ; 33           ; |can_mac_pcs_fce_top                                                                               ; can_mac_pcs_fce_top ; work         ;
;    |can_mac_pcs_fce:u_dut|           ; 4598 (0)            ; 869 (0)                   ; 0           ; 0            ; 0       ; 0         ; 0    ; 0            ; |can_mac_pcs_fce_top|can_mac_pcs_fce:u_dut                                                         ; can_mac_pcs_fce     ; work         ;
;       |can_fce:u_fce|                ; 117 (117)           ; 31 (31)                   ; 0           ; 0            ; 0       ; 0         ; 0    ; 0            ; |can_mac_pcs_fce_top|can_mac_pcs_fce:u_dut|can_fce:u_fce                                           ; can_fce             ; work         ;
;       |can_mac:u_mac|                ; 4295 (1)            ; 789 (0)                   ; 0           ; 0            ; 0       ; 0         ; 0    ; 0            ; |can_mac_pcs_fce_top|can_mac_pcs_fce:u_dut|can_mac:u_mac                                           ; can_mac             ; work         ;
;          |can_mac_bs:u_can_mac_bs|   ; 31 (31)             ; 12 (12)                   ; 0           ; 0            ; 0       ; 0         ; 0    ; 0            ; |can_mac_pcs_fce_top|can_mac_pcs_fce:u_dut|can_mac:u_mac|can_mac_bs:u_can_mac_bs                   ; can_mac_bs          ; work         ;
;          |can_mac_crc:u_can_mac_crc| ; 79 (24)             ; 53 (0)                    ; 0           ; 0            ; 0       ; 0         ; 0    ; 0            ; |can_mac_pcs_fce_top|can_mac_pcs_fce:u_dut|can_mac:u_mac|can_mac_crc:u_can_mac_crc                 ; can_mac_crc         ; work         ;
;             |gen_crc:u_crc15|        ; 16 (16)             ; 15 (15)                   ; 0           ; 0            ; 0       ; 0         ; 0    ; 0            ; |can_mac_pcs_fce_top|can_mac_pcs_fce:u_dut|can_mac:u_mac|can_mac_crc:u_can_mac_crc|gen_crc:u_crc15 ; gen_crc             ; work         ;
;             |gen_crc:u_crc17|        ; 18 (18)             ; 17 (17)                   ; 0           ; 0            ; 0       ; 0         ; 0    ; 0            ; |can_mac_pcs_fce_top|can_mac_pcs_fce:u_dut|can_mac:u_mac|can_mac_crc:u_can_mac_crc|gen_crc:u_crc17 ; gen_crc             ; work         ;
;             |gen_crc:u_crc21|        ; 21 (21)             ; 21 (21)                   ; 0           ; 0            ; 0       ; 0         ; 0    ; 0            ; |can_mac_pcs_fce_top|can_mac_pcs_fce:u_dut|can_mac:u_mac|can_mac_crc:u_can_mac_crc|gen_crc:u_crc21 ; gen_crc             ; work         ;
;          |can_mac_fsm:u_can_mac_fsm| ; 4105 (4105)         ; 684 (684)                 ; 0           ; 0            ; 0       ; 0         ; 0    ; 0            ; |can_mac_pcs_fce_top|can_mac_pcs_fce:u_dut|can_mac:u_mac|can_mac_fsm:u_can_mac_fsm                 ; can_mac_fsm         ; work         ;
;          |can_mac_ser:u_can_mac_ser| ; 79 (79)             ; 40 (40)                   ; 0           ; 0            ; 0       ; 0         ; 0    ; 0            ; |can_mac_pcs_fce_top|can_mac_pcs_fce:u_dut|can_mac:u_mac|can_mac_ser:u_can_mac_ser                 ; can_mac_ser         ; work         ;
;       |can_pcs:u_pcs|                ; 186 (186)           ; 49 (49)                   ; 0           ; 0            ; 0       ; 0         ; 0    ; 0            ; |can_mac_pcs_fce_top|can_mac_pcs_fce:u_dut|can_pcs:u_pcs                                           ; can_pcs             ; work         ;
+--------------------------------------+---------------------+---------------------------+-------------+--------------+---------+-----------+------+--------------+----------------------------------------------------------------------------------------------------+---------------------+--------------+
Note: For table entries with two numbers listed, the numbers in parentheses indicate the number of resources of the given type used by the specific entity alone. The numbers listed outside of parentheses indicate the total resources of the given type used by the specific entity and all of its sub-entities in the hierarchy.


Encoding Type:  One-Hot
+--------------------------------------------------------------------------------------------------------------+
; State Machine - |can_mac_pcs_fce_top|can_mac_pcs_fce:u_dut|can_pcs:u_pcs|segment                             ;
+----------------------+----------------------+----------------------+--------------------+--------------------+
; Name                 ; segment.s_phase_seg2 ; segment.s_phase_seg1 ; segment.s_prop_seg ; segment.s_sync_seg ;
+----------------------+----------------------+----------------------+--------------------+--------------------+
; segment.s_sync_seg   ; 0                    ; 0                    ; 0                  ; 0                  ;
; segment.s_prop_seg   ; 0                    ; 0                    ; 1                  ; 1                  ;
; segment.s_phase_seg1 ; 0                    ; 1                    ; 0                  ; 1                  ;
; segment.s_phase_seg2 ; 1                    ; 0                    ; 0                  ; 1                  ;
+----------------------+----------------------+----------------------+--------------------+--------------------+


Encoding Type:  One-Hot
+--------------------------------------------------------------------------------------------------------+
; State Machine - |can_mac_pcs_fce_top|can_mac_pcs_fce:u_dut|can_fce:u_fce|fce_state                     ;
+---------------------------+---------------------+---------------------------+--------------------------+
; Name                      ; fce_state.s_bus_off ; fce_state.s_error_passive ; fce_state.s_error_active ;
+---------------------------+---------------------+---------------------------+--------------------------+
; fce_state.s_error_active  ; 0                   ; 0                         ; 0                        ;
; fce_state.s_error_passive ; 0                   ; 1                         ; 1                        ;
; fce_state.s_bus_off       ; 1                   ; 0                         ; 1                        ;
+---------------------------+---------------------+---------------------------+--------------------------+


Encoding Type:  One-Hot
+--------------------------------------------------------------------------------------------------------------------------------------------------------------------------------------------------------------------------------------------------------------------------------------------------------------------------------------------------------------------------------------------------------------+
; State Machine - |can_mac_pcs_fce_top|can_mac_pcs_fce:u_dut|can_mac:u_mac|can_mac_fsm:u_can_mac_fsm|state                                                                                                                                                                                                                                                                                                     ;
+------------------------------+-------------------------+--------------------+-------------+-----------------------+-------------+-----------------------+-------------+-------------+--------------+-------------+-------------+-------------+----------------+-------------------+---------------------+------------------+------------------------------+----------------------+---------------------------+
; Name                         ; state.s_error_delimiter ; state.s_error_flag ; state.s_eof ; state.s_ack_delimiter ; state.s_ack ; state.s_crc_delimiter ; state.s_crc ; state.s_sbc ; state.s_data ; state.s_dlc ; state.s_esi ; state.s_brs ; state.s_res_r0 ; state.s_fdf_r1_r0 ; state.s_arbitration ; state.s_bus_idle ; state.s_suspend_transmission ; state.s_intermission ; state.s_bus_reintegration ;
+------------------------------+-------------------------+--------------------+-------------+-----------------------+-------------+-----------------------+-------------+-------------+--------------+-------------+-------------+-------------+----------------+-------------------+---------------------+------------------+------------------------------+----------------------+---------------------------+
; state.s_bus_reintegration    ; 0                       ; 0                  ; 0           ; 0                     ; 0           ; 0                     ; 0           ; 0           ; 0            ; 0           ; 0           ; 0           ; 0              ; 0                 ; 0                   ; 0                ; 0                            ; 0                    ; 0                         ;
; state.s_intermission         ; 0                       ; 0                  ; 0           ; 0                     ; 0           ; 0                     ; 0           ; 0           ; 0            ; 0           ; 0           ; 0           ; 0              ; 0                 ; 0                   ; 0                ; 0                            ; 1                    ; 1                         ;
; state.s_suspend_transmission ; 0                       ; 0                  ; 0           ; 0                     ; 0           ; 0                     ; 0           ; 0           ; 0            ; 0           ; 0           ; 0           ; 0              ; 0                 ; 0                   ; 0                ; 1                            ; 0                    ; 1                         ;
; state.s_bus_idle             ; 0                       ; 0                  ; 0           ; 0                     ; 0           ; 0                     ; 0           ; 0           ; 0            ; 0           ; 0           ; 0           ; 0              ; 0                 ; 0                   ; 1                ; 0                            ; 0                    ; 1                         ;
; state.s_arbitration          ; 0                       ; 0                  ; 0           ; 0                     ; 0           ; 0                     ; 0           ; 0           ; 0            ; 0           ; 0           ; 0           ; 0              ; 0                 ; 1                   ; 0                ; 0                            ; 0                    ; 1                         ;
; state.s_fdf_r1_r0            ; 0                       ; 0                  ; 0           ; 0                     ; 0           ; 0                     ; 0           ; 0           ; 0            ; 0           ; 0           ; 0           ; 0              ; 1                 ; 0                   ; 0                ; 0                            ; 0                    ; 1                         ;
; state.s_res_r0               ; 0                       ; 0                  ; 0           ; 0                     ; 0           ; 0                     ; 0           ; 0           ; 0            ; 0           ; 0           ; 0           ; 1              ; 0                 ; 0                   ; 0                ; 0                            ; 0                    ; 1                         ;
; state.s_brs                  ; 0                       ; 0                  ; 0           ; 0                     ; 0           ; 0                     ; 0           ; 0           ; 0            ; 0           ; 0           ; 1           ; 0              ; 0                 ; 0                   ; 0                ; 0                            ; 0                    ; 1                         ;
; state.s_esi                  ; 0                       ; 0                  ; 0           ; 0                     ; 0           ; 0                     ; 0           ; 0           ; 0            ; 0           ; 1           ; 0           ; 0              ; 0                 ; 0                   ; 0                ; 0                            ; 0                    ; 1                         ;
; state.s_dlc                  ; 0                       ; 0                  ; 0           ; 0                     ; 0           ; 0                     ; 0           ; 0           ; 0            ; 1           ; 0           ; 0           ; 0              ; 0                 ; 0                   ; 0                ; 0                            ; 0                    ; 1                         ;
; state.s_data                 ; 0                       ; 0                  ; 0           ; 0                     ; 0           ; 0                     ; 0           ; 0           ; 1            ; 0           ; 0           ; 0           ; 0              ; 0                 ; 0                   ; 0                ; 0                            ; 0                    ; 1                         ;
; state.s_sbc                  ; 0                       ; 0                  ; 0           ; 0                     ; 0           ; 0                     ; 0           ; 1           ; 0            ; 0           ; 0           ; 0           ; 0              ; 0                 ; 0                   ; 0                ; 0                            ; 0                    ; 1                         ;
; state.s_crc                  ; 0                       ; 0                  ; 0           ; 0                     ; 0           ; 0                     ; 1           ; 0           ; 0            ; 0           ; 0           ; 0           ; 0              ; 0                 ; 0                   ; 0                ; 0                            ; 0                    ; 1                         ;
; state.s_crc_delimiter        ; 0                       ; 0                  ; 0           ; 0                     ; 0           ; 1                     ; 0           ; 0           ; 0            ; 0           ; 0           ; 0           ; 0              ; 0                 ; 0                   ; 0                ; 0                            ; 0                    ; 1                         ;
; state.s_ack                  ; 0                       ; 0                  ; 0           ; 0                     ; 1           ; 0                     ; 0           ; 0           ; 0            ; 0           ; 0           ; 0           ; 0              ; 0                 ; 0                   ; 0                ; 0                            ; 0                    ; 1                         ;
; state.s_ack_delimiter        ; 0                       ; 0                  ; 0           ; 1                     ; 0           ; 0                     ; 0           ; 0           ; 0            ; 0           ; 0           ; 0           ; 0              ; 0                 ; 0                   ; 0                ; 0                            ; 0                    ; 1                         ;
; state.s_eof                  ; 0                       ; 0                  ; 1           ; 0                     ; 0           ; 0                     ; 0           ; 0           ; 0            ; 0           ; 0           ; 0           ; 0              ; 0                 ; 0                   ; 0                ; 0                            ; 0                    ; 1                         ;
; state.s_error_flag           ; 0                       ; 1                  ; 0           ; 0                     ; 0           ; 0                     ; 0           ; 0           ; 0            ; 0           ; 0           ; 0           ; 0              ; 0                 ; 0                   ; 0                ; 0                            ; 0                    ; 1                         ;
; state.s_error_delimiter      ; 1                       ; 0                  ; 0           ; 0                     ; 0           ; 0                     ; 0           ; 0           ; 0            ; 0           ; 0           ; 0           ; 0              ; 0                 ; 0                   ; 0                ; 0                            ; 0                    ; 1                         ;
+------------------------------+-------------------------+--------------------+-------------+-----------------------+-------------+-----------------------+-------------+-------------+--------------+-------------+-------------+-------------+----------------+-------------------+---------------------+------------------+------------------------------+----------------------+---------------------------+


Encoding Type:  One-Hot
+----------------------------------------------------------------------------------------------------------------------------------------------+
; State Machine - |can_mac_pcs_fce_top|can_mac_pcs_fce:u_dut|can_mac:u_mac|can_mac_ser:u_can_mac_ser|state                                     ;
+-----------------------------+------------------------+-----------------------------+----------------------------+----------------------------+
; Name                        ; state.s_shift_out_bits ; state.s_load_llc_frame_byte ; state.s_load_config_byte_1 ; state.s_load_config_byte_0 ;
+-----------------------------+------------------------+-----------------------------+----------------------------+----------------------------+
; state.s_load_config_byte_0  ; 0                      ; 0                           ; 0                          ; 0                          ;
; state.s_load_config_byte_1  ; 0                      ; 0                           ; 1                          ; 1                          ;
; state.s_load_llc_frame_byte ; 0                      ; 1                           ; 0                          ; 1                          ;
; state.s_shift_out_bits      ; 1                      ; 0                           ; 0                          ; 1                          ;
+-----------------------------+------------------------+-----------------------------+----------------------------+----------------------------+


+-------------------------------------------------------------------------------------------------------------------------------------------------------------------------------+
; Registers Removed During Synthesis                                                                                                                                            ;
+-----------------------------------------------------------------------------+-------------------------------------------------------------------------------------------------+
; Register name                                                               ; Reason for Removal                                                                              ;
+-----------------------------------------------------------------------------+-------------------------------------------------------------------------------------------------+
; can_mac_pcs_fce:u_dut|can_pcs:u_pcs|active_prop_seg[2]                      ; Merged with can_mac_pcs_fce:u_dut|can_pcs:u_pcs|active_sjw[1]                                   ;
; can_mac_pcs_fce:u_dut|can_pcs:u_pcs|active_phase_seg2[3]                    ; Merged with can_mac_pcs_fce:u_dut|can_pcs:u_pcs|active_sjw[3]                                   ;
; can_mac_pcs_fce:u_dut|can_pcs:u_pcs|active_prop_seg[8]                      ; Merged with can_mac_pcs_fce:u_dut|can_pcs:u_pcs|active_sjw[3]                                   ;
; can_mac_pcs_fce:u_dut|can_pcs:u_pcs|active_phase_seg2[5]                    ; Merged with can_mac_pcs_fce:u_dut|can_pcs:u_pcs|active_sjw[3]                                   ;
; can_mac_pcs_fce:u_dut|can_pcs:u_pcs|active_sjw[6]                           ; Merged with can_mac_pcs_fce:u_dut|can_pcs:u_pcs|active_sjw[3]                                   ;
; can_mac_pcs_fce:u_dut|can_pcs:u_pcs|active_phase_seg1[6]                    ; Merged with can_mac_pcs_fce:u_dut|can_pcs:u_pcs|active_sjw[3]                                   ;
; can_mac_pcs_fce:u_dut|can_pcs:u_pcs|active_prop_seg[4,7]                    ; Merged with can_mac_pcs_fce:u_dut|can_pcs:u_pcs|active_sjw[4]                                   ;
; can_mac_pcs_fce:u_dut|can_pcs:u_pcs|active_phase_seg1[4]                    ; Merged with can_mac_pcs_fce:u_dut|can_pcs:u_pcs|active_sjw[4]                                   ;
; can_mac_pcs_fce:u_dut|can_pcs:u_pcs|active_phase_seg1[3,7]                  ; Merged with can_mac_pcs_fce:u_dut|can_pcs:u_pcs|active_sjw[5]                                   ;
; can_mac_pcs_fce:u_dut|can_pcs:u_pcs|active_sjw[7]                           ; Merged with can_mac_pcs_fce:u_dut|can_pcs:u_pcs|active_sjw[5]                                   ;
; can_mac_pcs_fce:u_dut|can_pcs:u_pcs|active_prop_seg[1]                      ; Merged with can_mac_pcs_fce:u_dut|can_pcs:u_pcs|active_sjw[5]                                   ;
; can_mac_pcs_fce:u_dut|can_pcs:u_pcs|active_prop_seg[0]                      ; Merged with can_mac_pcs_fce:u_dut|can_pcs:u_pcs|active_phase_seg2[0]                            ;
; can_mac_pcs_fce:u_dut|can_pcs:u_pcs|active_phase_seg2[6]                    ; Merged with can_mac_pcs_fce:u_dut|can_pcs:u_pcs|active_phase_seg2[0]                            ;
; can_mac_pcs_fce:u_dut|can_pcs:u_pcs|active_prop_seg[3]                      ; Merged with can_mac_pcs_fce:u_dut|can_pcs:u_pcs|active_phase_seg2[2]                            ;
; can_mac_pcs_fce:u_dut|can_pcs:u_pcs|active_prop_seg[6]                      ; Merged with can_mac_pcs_fce:u_dut|can_pcs:u_pcs|active_phase_seg2[7]                            ;
; can_mac_pcs_fce:u_dut|can_pcs:u_pcs|active_phase_seg1[5]                    ; Merged with can_mac_pcs_fce:u_dut|can_pcs:u_pcs|active_phase_seg1[2]                            ;
; can_mac_pcs_fce:u_dut|can_fce:u_fce|llc_o.bus_off                           ; Merged with can_mac_pcs_fce:u_dut|can_fce:u_fce|mac_o.bus_off                                   ;
; can_mac_pcs_fce:u_dut|can_fce:u_fce|pcs_o.bus_off                           ; Merged with can_mac_pcs_fce:u_dut|can_fce:u_fce|mac_o.bus_off                                   ;
; can_mac_pcs_fce:u_dut|can_mac:u_mac|can_mac_bs:u_can_mac_bs|stuff_count[2]  ; Merged with can_mac_pcs_fce:u_dut|can_mac:u_mac|can_mac_bs:u_can_mac_bs|bs_o.stuff_bit_count[3] ;
; can_mac_pcs_fce:u_dut|can_mac:u_mac|can_mac_fsm:u_can_mac_fsm|crc_rst       ; Merged with can_mac_pcs_fce:u_dut|can_mac:u_mac|can_mac_fsm:u_can_mac_fsm|bs_rst                ;
; can_mac_pcs_fce:u_dut|can_pcs:u_pcs|active_sjw[1]                           ; Merged with can_mac_pcs_fce:u_dut|can_pcs:u_pcs|data_phase_active                               ;
; can_mac_pcs_fce:u_dut|can_pcs:u_pcs|active_phase_seg2[2,4]                  ; Merged with can_mac_pcs_fce:u_dut|can_pcs:u_pcs|active_sjw[2]                                   ;
; can_mac_pcs_fce:u_dut|can_pcs:u_pcs|active_phase_seg1[2]                    ; Merged with can_mac_pcs_fce:u_dut|can_pcs:u_pcs|active_sjw[2]                                   ;
; can_mac_pcs_fce:u_dut|can_pcs:u_pcs|active_prop_seg[5]                      ; Merged with can_mac_pcs_fce:u_dut|can_pcs:u_pcs|active_sjw[2]                                   ;
; can_mac_pcs_fce:u_dut|can_pcs:u_pcs|active_sjw[5]                           ; Merged with can_mac_pcs_fce:u_dut|can_pcs:u_pcs|active_sjw[3]                                   ;
; can_mac_pcs_fce:u_dut|can_pcs:u_pcs|active_phase_seg2[0]                    ; Merged with can_mac_pcs_fce:u_dut|can_pcs:u_pcs|active_sjw[3]                                   ;
; can_mac_pcs_fce:u_dut|can_pcs:u_pcs|active_sjw[4]                           ; Merged with can_mac_pcs_fce:u_dut|can_pcs:u_pcs|active_sjw[3]                                   ;
; can_mac_pcs_fce:u_dut|can_pcs:u_pcs|active_sjw[3]                           ; Merged with can_mac_pcs_fce:u_dut|can_pcs:u_pcs|active_phase_seg2[7]                            ;
; can_mac_pcs_fce:u_dut|can_pcs:u_pcs|phase2_shortening[1]                    ; Merged with can_mac_pcs_fce:u_dut|can_pcs:u_pcs|phase2_shortening[0]                            ;
; can_mac_pcs_fce:u_dut|can_mac:u_mac|can_mac_fsm:u_can_mac_fsm|crc_length[3] ; Merged with can_mac_pcs_fce:u_dut|can_mac:u_mac|can_mac_fsm:u_can_mac_fsm|crc_length[1]         ;
; can_mac_pcs_fce:u_dut|can_pcs:u_pcs|active_phase_seg2[7]                    ; Stuck at GND due to stuck port data_in                                                          ;
; can_mac_pcs_fce:u_dut|can_pcs:u_pcs|active_phase_seg1[0]                    ; Stuck at VCC due to stuck port data_in                                                          ;
; can_mac_pcs_fce:u_dut|can_pcs:u_pcs|active_phase_seg2[1]                    ; Merged with can_mac_pcs_fce:u_dut|can_pcs:u_pcs|active_sjw[2]                                   ;
; can_mac_pcs_fce:u_dut|can_pcs:u_pcs|active_sjw[0]                           ; Merged with can_mac_pcs_fce:u_dut|can_pcs:u_pcs|active_phase_seg1[1]                            ;
; can_mac_pcs_fce:u_dut|can_pcs:u_pcs|phase2_shortening[0]                    ; Stuck at GND due to stuck port data_in                                                          ;
; can_mac_pcs_fce:u_dut|can_mac:u_mac|can_mac_bs:u_can_mac_bs|stuff_count[0]  ; Merged with can_mac_pcs_fce:u_dut|can_mac:u_mac|can_mac_bs:u_can_mac_bs|bs_o.stuff_bit_count[0] ;
; Total Number of Removed Registers = 39                                      ;                                                                                                 ;
+-----------------------------------------------------------------------------+-------------------------------------------------------------------------------------------------+


+-------------------------------------------------------------------------------------------------------------------------------------------------+
; Removed Registers Triggering Further Register Optimizations                                                                                     ;
+----------------------------------------------------------+---------------------------+----------------------------------------------------------+
; Register name                                            ; Reason for Removal        ; Registers Removed due to This Register                   ;
+----------------------------------------------------------+---------------------------+----------------------------------------------------------+
; can_mac_pcs_fce:u_dut|can_pcs:u_pcs|active_phase_seg2[7] ; Stuck at GND              ; can_mac_pcs_fce:u_dut|can_pcs:u_pcs|phase2_shortening[0] ;
;                                                          ; due to stuck port data_in ;                                                          ;
+----------------------------------------------------------+---------------------------+----------------------------------------------------------+


+------------------------------------------------------+
; General Register Statistics                          ;
+----------------------------------------------+-------+
; Statistic                                    ; Value ;
+----------------------------------------------+-------+
; Total registers                              ; 869   ;
; Number of registers using Synchronous Clear  ; 667   ;
; Number of registers using Synchronous Load   ; 31    ;
; Number of registers using Asynchronous Clear ; 0     ;
; Number of registers using Asynchronous Load  ; 0     ;
; Number of registers using Clock Enable       ; 772   ;
; Number of registers using Preset             ; 0     ;
+----------------------------------------------+-------+


+-----------------------------------------------------------------------------------------------------------------------------------------------------------------------------------------------------------------------------------+
; Multiplexer Restructuring Statistics (Restructuring Performed)                                                                                                                                                                    ;
+--------------------+-----------+---------------+----------------------+------------------------+------------+---------------------------------------------------------------------------------------------------------------------+
; Multiplexer Inputs ; Bus Width ; Baseline Area ; Area if Restructured ; Saving if Restructured ; Registered ; Example Multiplexer Output                                                                                          ;
+--------------------+-----------+---------------+----------------------+------------------------+------------+---------------------------------------------------------------------------------------------------------------------+
; 3:1                ; 2 bits    ; 4 LEs         ; 2 LEs                ; 2 LEs                  ; Yes        ; |can_mac_pcs_fce_top|can_mac_pcs_fce:u_dut|can_pcs:u_pcs|active_sjw[2]                                              ;
; 3:1                ; 8 bits    ; 16 LEs        ; 8 LEs                ; 8 LEs                  ; Yes        ; |can_mac_pcs_fce_top|can_mac_pcs_fce:u_dut|can_mac:u_mac|can_mac_fsm:u_can_mac_fsm|transmitted_bits_shift_reg[2]    ;
; 3:1                ; 5 bits    ; 10 LEs        ; 5 LEs                ; 5 LEs                  ; Yes        ; |can_mac_pcs_fce_top|can_mac_pcs_fce:u_dut|can_mac:u_mac|can_mac_ser:u_can_mac_ser|tx_mac_fsm_o.llc_metadata.fdf    ;
; 3:1                ; 15 bits   ; 30 LEs        ; 15 LEs               ; 15 LEs                 ; Yes        ; |can_mac_pcs_fce_top|can_mac_pcs_fce:u_dut|can_mac:u_mac|can_mac_crc:u_can_mac_crc|gen_crc:u_crc15|crc_r[5]         ;
; 3:1                ; 38 bits   ; 76 LEs        ; 38 LEs               ; 38 LEs                 ; Yes        ; |can_mac_pcs_fce_top|can_mac_pcs_fce:u_dut|can_mac:u_mac|can_mac_crc:u_can_mac_crc|gen_crc:u_crc17|crc_r[10]        ;
; 3:1                ; 6 bits    ; 12 LEs        ; 6 LEs                ; 6 LEs                  ; Yes        ; |can_mac_pcs_fce_top|can_mac_pcs_fce:u_dut|can_mac:u_mac|can_mac_bs:u_can_mac_bs|bs_o.stuff_bit_count[3]            ;
; 3:1                ; 4 bits    ; 8 LEs         ; 4 LEs                ; 4 LEs                  ; Yes        ; |can_mac_pcs_fce_top|can_mac_pcs_fce:u_dut|can_mac:u_mac|can_mac_ser:u_can_mac_ser|tx_mac_fsm_o.llc_metadata.dlc[2] ;
; 3:1                ; 3 bits    ; 6 LEs         ; 3 LEs                ; 3 LEs                  ; Yes        ; |can_mac_pcs_fce_top|can_mac_pcs_fce:u_dut|can_pcs:u_pcs|mac_o.tdc_delay[0]                                         ;
; 3:1                ; 3 bits    ; 6 LEs         ; 3 LEs                ; 3 LEs                  ; Yes        ; |can_mac_pcs_fce_top|can_mac_pcs_fce:u_dut|can_mac:u_mac|can_mac_fsm:u_can_mac_fsm|mac_ser_o.ready                  ;
; 4:1                ; 7 bits    ; 14 LEs        ; 14 LEs               ; 0 LEs                  ; Yes        ; |can_mac_pcs_fce_top|can_mac_pcs_fce:u_dut|can_mac:u_mac|can_mac_fsm:u_can_mac_fsm|llc_frame_len[0]                 ;
; 5:1                ; 3 bits    ; 9 LEs         ; 3 LEs                ; 6 LEs                  ; Yes        ; |can_mac_pcs_fce_top|can_mac_pcs_fce:u_dut|can_fce:u_fce|transmitter_error_count[2]                                 ;
; 5:1                ; 4 bits    ; 12 LEs        ; 4 LEs                ; 8 LEs                  ; Yes        ; |can_mac_pcs_fce_top|can_mac_pcs_fce:u_dut|can_pcs:u_pcs|recessive_counter[3]                                       ;
; 5:1                ; 7 bits    ; 21 LEs        ; 7 LEs                ; 14 LEs                 ; Yes        ; |can_mac_pcs_fce_top|can_mac_pcs_fce:u_dut|can_mac:u_mac|can_mac_fsm:u_can_mac_fsm|stream_index[0]                  ;
; 6:1                ; 8 bits    ; 32 LEs        ; 8 LEs                ; 24 LEs                 ; Yes        ; |can_mac_pcs_fce_top|can_mac_pcs_fce:u_dut|can_fce:u_fce|idle_count[4]                                              ;
; 7:1                ; 6 bits    ; 24 LEs        ; 12 LEs               ; 12 LEs                 ; Yes        ; |can_mac_pcs_fce_top|can_mac_pcs_fce:u_dut|can_fce:u_fce|transmitter_error_count[5]                                 ;
; 7:1                ; 8 bits    ; 32 LEs        ; 16 LEs               ; 16 LEs                 ; Yes        ; |can_mac_pcs_fce_top|can_mac_pcs_fce:u_dut|can_pcs:u_pcs|delay_count_tq[4]                                          ;
; 7:1                ; 3 bits    ; 12 LEs        ; 6 LEs                ; 6 LEs                  ; Yes        ; |can_mac_pcs_fce_top|can_mac_pcs_fce:u_dut|can_fce:u_fce|receiver_error_count[2]                                    ;
; 7:1                ; 2 bits    ; 8 LEs         ; 4 LEs                ; 4 LEs                  ; Yes        ; |can_mac_pcs_fce_top|can_mac_pcs_fce:u_dut|can_mac:u_mac|can_mac_ser:u_can_mac_ser|padding_bits_remaining[3]        ;
; 7:1                ; 3 bits    ; 12 LEs        ; 6 LEs                ; 6 LEs                  ; Yes        ; |can_mac_pcs_fce_top|can_mac_pcs_fce:u_dut|can_mac:u_mac|can_mac_ser:u_can_mac_ser|padding_bits_remaining[4]        ;
; 7:1                ; 9 bits    ; 36 LEs        ; 18 LEs               ; 18 LEs                 ; Yes        ; |can_mac_pcs_fce_top|can_mac_pcs_fce:u_dut|can_mac:u_mac|can_mac_fsm:u_can_mac_fsm|data_len[1]                      ;
; 7:1                ; 2 bits    ; 8 LEs         ; 4 LEs                ; 4 LEs                  ; Yes        ; |can_mac_pcs_fce_top|can_mac_pcs_fce:u_dut|can_mac:u_mac|can_mac_ser:u_can_mac_ser|id_bits_remaining[3]             ;
; 7:1                ; 3 bits    ; 12 LEs        ; 6 LEs                ; 6 LEs                  ; Yes        ; |can_mac_pcs_fce_top|can_mac_pcs_fce:u_dut|can_mac:u_mac|can_mac_ser:u_can_mac_ser|id_bits_remaining[4]             ;
; 7:1                ; 7 bits    ; 28 LEs        ; 14 LEs               ; 14 LEs                 ; Yes        ; |can_mac_pcs_fce_top|can_mac_pcs_fce:u_dut|can_mac:u_mac|can_mac_ser:u_can_mac_ser|llc_frame_buffer[1]              ;
; 7:1                ; 3 bits    ; 12 LEs        ; 3 LEs                ; 9 LEs                  ; Yes        ; |can_mac_pcs_fce_top|can_mac_pcs_fce:u_dut|can_pcs:u_pcs|tdc_delay[0]                                               ;
; 8:1                ; 6 bits    ; 30 LEs        ; 18 LEs               ; 12 LEs                 ; Yes        ; |can_mac_pcs_fce_top|can_mac_pcs_fce:u_dut|can_fce:u_fce|receiver_error_count[4]                                    ;
; 8:1                ; 4 bits    ; 20 LEs        ; 4 LEs                ; 16 LEs                 ; Yes        ; |can_mac_pcs_fce_top|can_mac_pcs_fce:u_dut|can_mac:u_mac|can_mac_ser:u_can_mac_ser|count[3]                         ;
; 72:1               ; 8 bits    ; 384 LEs       ; 376 LEs              ; 8 LEs                  ; Yes        ; |can_mac_pcs_fce_top|can_mac_pcs_fce:u_dut|can_mac:u_mac|can_mac_fsm:u_can_mac_fsm|llc_o.avalon_st_source.data[2]   ;
; 9:1                ; 3 bits    ; 18 LEs        ; 9 LEs                ; 9 LEs                  ; Yes        ; |can_mac_pcs_fce_top|can_mac_pcs_fce:u_dut|can_mac:u_mac|can_mac_bs:u_can_mac_bs|count[0]                           ;
; 10:1               ; 7 bits    ; 42 LEs        ; 7 LEs                ; 35 LEs                 ; Yes        ; |can_mac_pcs_fce_top|can_mac_pcs_fce:u_dut|can_pcs:u_pcs|seg_count[5]                                               ;
; 13:1               ; 3 bits    ; 24 LEs        ; 3 LEs                ; 21 LEs                 ; Yes        ; |can_mac_pcs_fce_top|can_mac_pcs_fce:u_dut|can_pcs:u_pcs|phase1_extension[1]                                        ;
; 13:1               ; 3 bits    ; 24 LEs        ; 3 LEs                ; 21 LEs                 ; Yes        ; |can_mac_pcs_fce_top|can_mac_pcs_fce:u_dut|can_mac:u_mac|can_mac_fsm:u_can_mac_fsm|bit_index[0]                     ;
; 15:1               ; 7 bits    ; 70 LEs        ; 7 LEs                ; 63 LEs                 ; Yes        ; |can_mac_pcs_fce_top|can_mac_pcs_fce:u_dut|can_mac:u_mac|can_mac_fsm:u_can_mac_fsm|byte_index[1]                    ;
; 54:1               ; 7 bits    ; 252 LEs       ; 14 LEs               ; 238 LEs                ; Yes        ; |can_mac_pcs_fce_top|can_mac_pcs_fce:u_dut|can_mac:u_mac|can_mac_fsm:u_can_mac_fsm|bit_count[4]                     ;
; 58:1               ; 2 bits    ; 76 LEs        ; 8 LEs                ; 68 LEs                 ; Yes        ; |can_mac_pcs_fce_top|can_mac_pcs_fce:u_dut|can_mac:u_mac|can_mac_fsm:u_can_mac_fsm|bit_count[2]                     ;
; 3:1                ; 2 bits    ; 4 LEs         ; 0 LEs                ; 4 LEs                  ; Yes        ; |can_mac_pcs_fce_top|can_mac_pcs_fce:u_dut|can_pcs:u_pcs|active_sjw[0]                                              ;
; 4:1                ; 2 bits    ; 4 LEs         ; 2 LEs                ; 2 LEs                  ; No         ; |can_mac_pcs_fce_top|can_mac_pcs_fce:u_dut|can_mac:u_mac|can_mac_fsm:u_can_mac_fsm|crc_o                            ;
; 6:1                ; 2 bits    ; 8 LEs         ; 2 LEs                ; 6 LEs                  ; No         ; |can_mac_pcs_fce_top|can_mac_pcs_fce:u_dut|can_mac:u_mac|can_mac_fsm:u_can_mac_fsm|crc_o                            ;
; 7:1                ; 3 bits    ; 12 LEs        ; 9 LEs                ; 3 LEs                  ; No         ; |can_mac_pcs_fce_top|can_mac_pcs_fce:u_dut|can_fce:u_fce|fce_state                                                  ;
; 11:1               ; 18 bits   ; 126 LEs       ; 18 LEs               ; 108 LEs                ; No         ; |can_mac_pcs_fce_top|can_mac_pcs_fce:u_dut|can_mac:u_mac|can_mac_fsm:u_can_mac_fsm|state                            ;
; 11:1               ; 4 bits    ; 28 LEs        ; 16 LEs               ; 12 LEs                 ; No         ; |can_mac_pcs_fce_top|can_mac_pcs_fce:u_dut|can_mac:u_mac|can_mac_ser:u_can_mac_ser|state                            ;
; 5:1                ; 2 bits    ; 6 LEs         ; 6 LEs                ; 0 LEs                  ; No         ; |can_mac_pcs_fce_top|can_mac_pcs_fce:u_dut|can_mac:u_mac|can_mac_fsm:u_can_mac_fsm|mac_ser_o                        ;
; 49:1               ; 7 bits    ; 224 LEs       ; 70 LEs               ; 154 LEs                ; No         ; |can_mac_pcs_fce_top|can_mac_pcs_fce:u_dut|can_mac:u_mac|can_mac_fsm:u_can_mac_fsm|state                            ;
; 49:1               ; 2 bits    ; 64 LEs        ; 16 LEs               ; 48 LEs                 ; No         ; |can_mac_pcs_fce_top|can_mac_pcs_fce:u_dut|can_mac:u_mac|can_mac_fsm:u_can_mac_fsm|state                            ;
; 56:1               ; 2 bits    ; 74 LEs        ; 22 LEs               ; 52 LEs                 ; No         ; |can_mac_pcs_fce_top|can_mac_pcs_fce:u_dut|can_mac:u_mac|can_mac_fsm:u_can_mac_fsm|state                            ;
+--------------------+-----------+---------------+----------------------+------------------------+------------+---------------------------------------------------------------------------------------------------------------------+


+----------------------------------------------------------------------------------------------------------------------------+
; Parameter Settings for User Entity Instance: can_mac_pcs_fce:u_dut|can_mac:u_mac|can_mac_crc:u_can_mac_crc|gen_crc:u_crc15 ;
+----------------+-----------------+-----------------------------------------------------------------------------------------+
; Parameter Name ; Value           ; Type                                                                                    ;
+----------------+-----------------+-----------------------------------------------------------------------------------------+
; gc_data_width  ; 1               ; Signed Integer                                                                          ;
; gc_crc_width   ; 15              ; Signed Integer                                                                          ;
; gc_crc_poly    ; 100010110011001 ; Unsigned Binary                                                                         ;
; gc_xor_value   ; 000000000000000 ; Unsigned Binary                                                                         ;
; gc_crc_init    ; 000000000000000 ; Unsigned Binary                                                                         ;
; gc_ref_input   ; 0               ; Signed Integer                                                                          ;
; gc_ref_output  ; false           ; Enumerated                                                                              ;
+----------------+-----------------+-----------------------------------------------------------------------------------------+
Note: In order to hide this table in the UI and the text report file, please set the "Show Parameter Settings in Synthesis Report" option in "Analysis and Synthesis Settings -> More Settings" to "Off".


+----------------------------------------------------------------------------------------------------------------------------+
; Parameter Settings for User Entity Instance: can_mac_pcs_fce:u_dut|can_mac:u_mac|can_mac_crc:u_can_mac_crc|gen_crc:u_crc17 ;
+----------------+-------------------+---------------------------------------------------------------------------------------+
; Parameter Name ; Value             ; Type                                                                                  ;
+----------------+-------------------+---------------------------------------------------------------------------------------+
; gc_data_width  ; 1                 ; Signed Integer                                                                        ;
; gc_crc_width   ; 17                ; Signed Integer                                                                        ;
; gc_crc_poly    ; 10110100001011011 ; Unsigned Binary                                                                       ;
; gc_xor_value   ; 00000000000000000 ; Unsigned Binary                                                                       ;
; gc_crc_init    ; 10000000000000000 ; Unsigned Binary                                                                       ;
; gc_ref_input   ; 0                 ; Signed Integer                                                                        ;
; gc_ref_output  ; false             ; Enumerated                                                                            ;
+----------------+-------------------+---------------------------------------------------------------------------------------+
Note: In order to hide this table in the UI and the text report file, please set the "Show Parameter Settings in Synthesis Report" option in "Analysis and Synthesis Settings -> More Settings" to "Off".


+----------------------------------------------------------------------------------------------------------------------------+
; Parameter Settings for User Entity Instance: can_mac_pcs_fce:u_dut|can_mac:u_mac|can_mac_crc:u_can_mac_crc|gen_crc:u_crc21 ;
+----------------+-----------------------+-----------------------------------------------------------------------------------+
; Parameter Name ; Value                 ; Type                                                                              ;
+----------------+-----------------------+-----------------------------------------------------------------------------------+
; gc_data_width  ; 1                     ; Signed Integer                                                                    ;
; gc_crc_width   ; 21                    ; Signed Integer                                                                    ;
; gc_crc_poly    ; 100000010100010011001 ; Unsigned Binary                                                                   ;
; gc_xor_value   ; 000000000000000000000 ; Unsigned Binary                                                                   ;
; gc_crc_init    ; 100000000000000000000 ; Unsigned Binary                                                                   ;
; gc_ref_input   ; 0                     ; Signed Integer                                                                    ;
; gc_ref_output  ; false                 ; Enumerated                                                                        ;
+----------------+-----------------------+-----------------------------------------------------------------------------------+
Note: In order to hide this table in the UI and the text report file, please set the "Show Parameter Settings in Synthesis Report" option in "Analysis and Synthesis Settings -> More Settings" to "Off".


+----------------------------------------------------------------------------------+
; Parameter Settings for User Entity Instance: can_mac_pcs_fce:u_dut|can_pcs:u_pcs ;
+--------------------+-------+-----------------------------------------------------+
; Parameter Name     ; Value ; Type                                                ;
+--------------------+-------+-----------------------------------------------------+
; gc_prescaler       ; 2     ; Signed Integer                                      ;
; gc_nom_prop_seg    ; 40    ; Signed Integer                                      ;
; gc_nom_phase_seg1  ; 39    ; Signed Integer                                      ;
; gc_nom_phase_seg2  ; 20    ; Signed Integer                                      ;
; gc_data_prop_seg   ; 4     ; Signed Integer                                      ;
; gc_data_phase_seg1 ; 3     ; Signed Integer                                      ;
; gc_data_phase_seg2 ; 2     ; Signed Integer                                      ;
; gc_nom_sjw         ; 4     ; Signed Integer                                      ;
; gc_data_sjw        ; 2     ; Signed Integer                                      ;
+--------------------+-------+-----------------------------------------------------+
Note: In order to hide this table in the UI and the text report file, please set the "Show Parameter Settings in Synthesis Report" option in "Analysis and Synthesis Settings -> More Settings" to "Off".


+-----------------------------------------------------------------------------------------------------------+
; Port Connectivity Checks: "can_mac_pcs_fce:u_dut|can_mac:u_mac|can_mac_crc:u_can_mac_crc|gen_crc:u_crc21" ;
+-------------+-------+----------+--------------------------------------------------------------------------+
; Port        ; Type  ; Severity ; Details                                                                  ;
+-------------+-------+----------+--------------------------------------------------------------------------+
; start_crc_i ; Input ; Info     ; Stuck at GND                                                             ;
+-------------+-------+----------+--------------------------------------------------------------------------+


+-----------------------------------------------------------------------------------------------------------+
; Port Connectivity Checks: "can_mac_pcs_fce:u_dut|can_mac:u_mac|can_mac_crc:u_can_mac_crc|gen_crc:u_crc17" ;
+-------------+-------+----------+--------------------------------------------------------------------------+
; Port        ; Type  ; Severity ; Details                                                                  ;
+-------------+-------+----------+--------------------------------------------------------------------------+
; start_crc_i ; Input ; Info     ; Stuck at GND                                                             ;
+-------------+-------+----------+--------------------------------------------------------------------------+


+-----------------------------------------------------------------------------------------------------------+
; Port Connectivity Checks: "can_mac_pcs_fce:u_dut|can_mac:u_mac|can_mac_crc:u_can_mac_crc|gen_crc:u_crc15" ;
+-------------+-------+----------+--------------------------------------------------------------------------+
; Port        ; Type  ; Severity ; Details                                                                  ;
+-------------+-------+----------+--------------------------------------------------------------------------+
; start_crc_i ; Input ; Info     ; Stuck at GND                                                             ;
+-------------+-------+----------+--------------------------------------------------------------------------+


+-----------------------------------------------------+
; Post-Synthesis Netlist Statistics for Top Partition ;
+-----------------------+-----------------------------+
; Type                  ; Count                       ;
+-----------------------+-----------------------------+
; boundary_port         ; 33                          ;
; cycloneiii_ff         ; 869                         ;
;     ENA               ; 144                         ;
;     ENA SCLR          ; 614                         ;
;     ENA SCLR SLD      ; 12                          ;
;     ENA SLD           ; 2                           ;
;     SCLR              ; 31                          ;
;     SCLR SLD          ; 10                          ;
;     SLD               ; 7                           ;
;     plain             ; 49                          ;
; cycloneiii_lcell_comb ; 4600                        ;
;     arith             ; 134                         ;
;         1 data inputs ; 8                           ;
;         2 data inputs ; 109                         ;
;         3 data inputs ; 17                          ;
;     normal            ; 4466                        ;
;         0 data inputs ; 5                           ;
;         1 data inputs ; 19                          ;
;         2 data inputs ; 133                         ;
;         3 data inputs ; 781                         ;
;         4 data inputs ; 3528                        ;
;                       ;                             ;
; Max LUT depth         ; 11.00                       ;
; Average LUT depth     ; 6.29                        ;
+-----------------------+-----------------------------+


+-------------------------------+
; Elapsed Time Per Partition    ;
+----------------+--------------+
; Partition Name ; Elapsed Time ;
+----------------+--------------+
; Top            ; 00:00:20     ;
+----------------+--------------+


+-------------------------------+
; Analysis & Synthesis Messages ;
+-------------------------------+
Info: *******************************************************************
Info: Running Quartus Prime Analysis & Synthesis
    Info: Version 21.1.1 Build 850 06/23/2022 SJ Standard Edition
    Info: Processing started: Mon May 18 15:01:15 2026
Info: Command: quartus_map --read_settings_files=on --write_settings_files=off can_mac_pcs_fce -c can_mac_pcs_fce
Warning (18236): Number of processors has not been specified which may cause overloading on shared machines.  Set the global assignment NUM_PARALLEL_PROCESSORS in your QSF to an appropriate value for best performance.
Info (20030): Parallel compilation is enabled and will use 16 of the 16 processors detected
Info (12021): Found 2 design units, including 1 entities, in source file top.vhd
    Info (12022): Found design unit 1: can_mac_pcs_fce_top-rtl File: C:/git_folder/triton_func/modules/ip_lib/can_bus_controller_fd/devel/syn/top.vhd Line: 54
    Info (12023): Found entity 1: can_mac_pcs_fce_top File: C:/git_folder/triton_func/modules/ip_lib/can_bus_controller_fd/devel/syn/top.vhd Line: 24
Info (12021): Found 2 design units, including 0 entities, in source file /git_folder/triton_func/modules/ip_lib/man_global_p/hdl_src/man_global_p.vhd
    Info (12022): Found design unit 1: pk_man_global File: C:/git_folder/triton_func/modules/ip_lib/man_global_p/hdl_src/man_global_p.vhd Line: 29
    Info (12022): Found design unit 2: pk_man_global-body File: C:/git_folder/triton_func/modules/ip_lib/man_global_p/hdl_src/man_global_p.vhd Line: 83
Info (12021): Found 2 design units, including 0 entities, in source file /git_folder/triton_func/modules/ip_lib/eth_st/hdl_src/eth_st_p.vhd
    Info (12022): Found design unit 1: pk_eth_st File: C:/git_folder/triton_func/modules/ip_lib/eth_st/hdl_src/eth_st_p.vhd Line: 19
    Info (12022): Found design unit 2: pk_eth_st-body File: C:/git_folder/triton_func/modules/ip_lib/eth_st/hdl_src/eth_st_p.vhd Line: 111
Info (12021): Found 2 design units, including 0 entities, in source file /git_folder/triton_func/modules/ip_lib/can_bus_controller_fd/can_types_p/hdl_src/can_types_p.vhd
    Info (12022): Found design unit 1: pk_can_types File: C:/git_folder/triton_func/modules/ip_lib/can_bus_controller_fd/can_types_p/hdl_src/can_types_p.vhd Line: 35
    Info (12022): Found design unit 2: pk_can_types-body File: C:/git_folder/triton_func/modules/ip_lib/can_bus_controller_fd/can_types_p/hdl_src/can_types_p.vhd Line: 492
Info (12021): Found 2 design units, including 0 entities, in source file /git_folder/triton_func/modules/ip_lib/gen_crc/hdl_src/gen_crc_p.vhd
    Info (12022): Found design unit 1: pk_gen_crc File: C:/git_folder/triton_func/modules/ip_lib/gen_crc/hdl_src/gen_crc_p.vhd Line: 20
    Info (12022): Found design unit 2: pk_gen_crc-body File: C:/git_folder/triton_func/modules/ip_lib/gen_crc/hdl_src/gen_crc_p.vhd Line: 41
Info (12021): Found 2 design units, including 1 entities, in source file /git_folder/triton_func/modules/ip_lib/gen_crc/hdl_src/gen_crc.vhd
    Info (12022): Found design unit 1: gen_crc-rtl File: C:/git_folder/triton_func/modules/ip_lib/gen_crc/hdl_src/gen_crc.vhd Line: 54
    Info (12023): Found entity 1: gen_crc File: C:/git_folder/triton_func/modules/ip_lib/gen_crc/hdl_src/gen_crc.vhd Line: 30
Info (12021): Found 2 design units, including 1 entities, in source file /git_folder/triton_func/modules/ip_lib/can_bus_controller_fd/can_mac/hdl_src/can_mac_fsm.vhd
    Info (12022): Found design unit 1: can_mac_fsm-rtl File: C:/git_folder/triton_func/modules/ip_lib/can_bus_controller_fd/can_mac/hdl_src/can_mac_fsm.vhd Line: 66
    Info (12023): Found entity 1: can_mac_fsm File: C:/git_folder/triton_func/modules/ip_lib/can_bus_controller_fd/can_mac/hdl_src/can_mac_fsm.vhd Line: 39
Info (12021): Found 2 design units, including 1 entities, in source file /git_folder/triton_func/modules/ip_lib/can_bus_controller_fd/can_mac_ser/hdl_src/can_mac_ser.vhd
    Info (12022): Found design unit 1: can_mac_ser-rtl File: C:/git_folder/triton_func/modules/ip_lib/can_bus_controller_fd/can_mac_ser/hdl_src/can_mac_ser.vhd Line: 49
    Info (12023): Found entity 1: can_mac_ser File: C:/git_folder/triton_func/modules/ip_lib/can_bus_controller_fd/can_mac_ser/hdl_src/can_mac_ser.vhd Line: 34
Info (12021): Found 2 design units, including 1 entities, in source file /git_folder/triton_func/modules/ip_lib/can_bus_controller_fd/can_mac_bs/hdl_src/can_mac_bs.vhd
    Info (12022): Found design unit 1: can_mac_bs-rtl File: C:/git_folder/triton_func/modules/ip_lib/can_bus_controller_fd/can_mac_bs/hdl_src/can_mac_bs.vhd Line: 37
    Info (12023): Found entity 1: can_mac_bs File: C:/git_folder/triton_func/modules/ip_lib/can_bus_controller_fd/can_mac_bs/hdl_src/can_mac_bs.vhd Line: 28
Info (12021): Found 2 design units, including 1 entities, in source file /git_folder/triton_func/modules/ip_lib/can_bus_controller_fd/can_mac_crc/hdl_src/can_mac_crc.vhd
    Info (12022): Found design unit 1: can_mac_crc-rtl File: C:/git_folder/triton_func/modules/ip_lib/can_bus_controller_fd/can_mac_crc/hdl_src/can_mac_crc.vhd Line: 32
    Info (12023): Found entity 1: can_mac_crc File: C:/git_folder/triton_func/modules/ip_lib/can_bus_controller_fd/can_mac_crc/hdl_src/can_mac_crc.vhd Line: 23
Info (12021): Found 2 design units, including 1 entities, in source file /git_folder/triton_func/modules/ip_lib/can_bus_controller_fd/can_mac/hdl_src/can_mac.vhd
    Info (12022): Found design unit 1: can_mac-rtl File: C:/git_folder/triton_func/modules/ip_lib/can_bus_controller_fd/can_mac/hdl_src/can_mac.vhd Line: 41
    Info (12023): Found entity 1: can_mac File: C:/git_folder/triton_func/modules/ip_lib/can_bus_controller_fd/can_mac/hdl_src/can_mac.vhd Line: 18
Info (12021): Found 2 design units, including 1 entities, in source file /git_folder/triton_func/modules/ip_lib/can_bus_controller_fd/can_fce/hdl_src/can_fce.vhd
    Info (12022): Found design unit 1: can_fce-rtl File: C:/git_folder/triton_func/modules/ip_lib/can_bus_controller_fd/can_fce/hdl_src/can_fce.vhd Line: 37
    Info (12023): Found entity 1: can_fce File: C:/git_folder/triton_func/modules/ip_lib/can_bus_controller_fd/can_fce/hdl_src/can_fce.vhd Line: 21
Info (12021): Found 2 design units, including 1 entities, in source file /git_folder/triton_func/modules/ip_lib/can_bus_controller_fd/can_pcs/hdl_src/can_pcs.vhd
    Info (12022): Found design unit 1: can_pcs-rtl File: C:/git_folder/triton_func/modules/ip_lib/can_bus_controller_fd/can_pcs/hdl_src/can_pcs.vhd Line: 94
    Info (12023): Found entity 1: can_pcs File: C:/git_folder/triton_func/modules/ip_lib/can_bus_controller_fd/can_pcs/hdl_src/can_pcs.vhd Line: 23
Info (12021): Found 2 design units, including 1 entities, in source file /git_folder/triton_func/modules/ip_lib/can_bus_controller_fd/can_mac_pcs_fce/hdl_src/can_mac_pcs_fce.vhd
    Info (12022): Found design unit 1: can_mac_pcs_fce-rtl File: C:/git_folder/triton_func/modules/ip_lib/can_bus_controller_fd/can_mac_pcs_fce/hdl_src/can_mac_pcs_fce.vhd Line: 43
    Info (12023): Found entity 1: can_mac_pcs_fce File: C:/git_folder/triton_func/modules/ip_lib/can_bus_controller_fd/can_mac_pcs_fce/hdl_src/can_mac_pcs_fce.vhd Line: 24
Info (12127): Elaborating entity "can_mac_pcs_fce_top" for the top level hierarchy
Info (12128): Elaborating entity "can_mac_pcs_fce" for hierarchy "can_mac_pcs_fce:u_dut" File: C:/git_folder/triton_func/modules/ip_lib/can_bus_controller_fd/devel/syn/top.vhd Line: 88
Info (12128): Elaborating entity "can_mac" for hierarchy "can_mac_pcs_fce:u_dut|can_mac:u_mac" File: C:/git_folder/triton_func/modules/ip_lib/can_bus_controller_fd/can_mac_pcs_fce/hdl_src/can_mac_pcs_fce.vhd Line: 59
Info (12128): Elaborating entity "can_mac_ser" for hierarchy "can_mac_pcs_fce:u_dut|can_mac:u_mac|can_mac_ser:u_can_mac_ser" File: C:/git_folder/triton_func/modules/ip_lib/can_bus_controller_fd/can_mac/hdl_src/can_mac.vhd Line: 65
Info (12128): Elaborating entity "can_mac_fsm" for hierarchy "can_mac_pcs_fce:u_dut|can_mac:u_mac|can_mac_fsm:u_can_mac_fsm" File: C:/git_folder/triton_func/modules/ip_lib/can_bus_controller_fd/can_mac/hdl_src/can_mac.vhd Line: 78
Info (12128): Elaborating entity "can_mac_bs" for hierarchy "can_mac_pcs_fce:u_dut|can_mac:u_mac|can_mac_bs:u_can_mac_bs" File: C:/git_folder/triton_func/modules/ip_lib/can_bus_controller_fd/can_mac/hdl_src/can_mac.vhd Line: 101
Info (12128): Elaborating entity "can_mac_crc" for hierarchy "can_mac_pcs_fce:u_dut|can_mac:u_mac|can_mac_crc:u_can_mac_crc" File: C:/git_folder/triton_func/modules/ip_lib/can_bus_controller_fd/can_mac/hdl_src/can_mac.vhd Line: 112
Info (12128): Elaborating entity "gen_crc" for hierarchy "can_mac_pcs_fce:u_dut|can_mac:u_mac|can_mac_crc:u_can_mac_crc|gen_crc:u_crc15" File: C:/git_folder/triton_func/modules/ip_lib/can_bus_controller_fd/can_mac_crc/hdl_src/can_mac_crc.vhd Line: 40
Info (12128): Elaborating entity "gen_crc" for hierarchy "can_mac_pcs_fce:u_dut|can_mac:u_mac|can_mac_crc:u_can_mac_crc|gen_crc:u_crc17" File: C:/git_folder/triton_func/modules/ip_lib/can_bus_controller_fd/can_mac_crc/hdl_src/can_mac_crc.vhd Line: 59
Info (12128): Elaborating entity "gen_crc" for hierarchy "can_mac_pcs_fce:u_dut|can_mac:u_mac|can_mac_crc:u_can_mac_crc|gen_crc:u_crc21" File: C:/git_folder/triton_func/modules/ip_lib/can_bus_controller_fd/can_mac_crc/hdl_src/can_mac_crc.vhd Line: 78
Info (12128): Elaborating entity "can_fce" for hierarchy "can_mac_pcs_fce:u_dut|can_fce:u_fce" File: C:/git_folder/triton_func/modules/ip_lib/can_bus_controller_fd/can_mac_pcs_fce/hdl_src/can_mac_pcs_fce.vhd Line: 78
Info (12128): Elaborating entity "can_pcs" for hierarchy "can_mac_pcs_fce:u_dut|can_pcs:u_pcs" File: C:/git_folder/triton_func/modules/ip_lib/can_bus_controller_fd/can_mac_pcs_fce/hdl_src/can_mac_pcs_fce.vhd Line: 92
Warning (10036): Verilog HDL or VHDL warning at can_pcs.vhd(121): object "bit_boundary" assigned a value but never read File: C:/git_folder/triton_func/modules/ip_lib/can_bus_controller_fd/can_pcs/hdl_src/can_pcs.vhd Line: 121
Info (286030): Timing-Driven Synthesis is running
Info (17016): Found the following redundant logic cells in design
    Info (17048): Logic cell "can_mac_pcs_fce:u_dut|can_pcs:u_pcs|Add12~18" File: C:/git_folder/triton_func/modules/ip_lib/can_bus_controller_fd/can_pcs/hdl_src/can_pcs.vhd Line: 370
Info (16010): Generating hard_block partition "hard_block:auto_generated_inst"
    Info (16011): Adding 0 node(s), including 0 DDIO, 0 PLL, 0 transceiver and 0 LCELL
Critical Warning (15725): clock port is fed by virtual pin "clk_i~input"; timing analysis treats input to the clock port as a ripple clock
Info (15717): Design contains 33 virtual pins; timing numbers associated with paths containing virtual pins are estimates
    Info (15718): Pin "tx_llc_eop_i" is virtual input pin File: C:/git_folder/triton_func/modules/ip_lib/can_bus_controller_fd/devel/syn/top.vhd Line: 32
    Info (15719): Pin "tx_llc_ready_o" is virtual output pin File: C:/git_folder/triton_func/modules/ip_lib/can_bus_controller_fd/devel/syn/top.vhd Line: 35
    Info (15719): Pin "tx_llc_status_o[0]" is virtual output pin File: C:/git_folder/triton_func/modules/ip_lib/can_bus_controller_fd/devel/syn/top.vhd Line: 36
    Info (15719): Pin "tx_llc_status_o[1]" is virtual output pin File: C:/git_folder/triton_func/modules/ip_lib/can_bus_controller_fd/devel/syn/top.vhd Line: 36
    Info (15719): Pin "tx_llc_status_o[2]" is virtual output pin File: C:/git_folder/triton_func/modules/ip_lib/can_bus_controller_fd/devel/syn/top.vhd Line: 36
    Info (15719): Pin "rx_llc_valid_o" is virtual output pin File: C:/git_folder/triton_func/modules/ip_lib/can_bus_controller_fd/devel/syn/top.vhd Line: 40
    Info (15719): Pin "rx_llc_sop_o" is virtual output pin File: C:/git_folder/triton_func/modules/ip_lib/can_bus_controller_fd/devel/syn/top.vhd Line: 41
    Info (15719): Pin "rx_llc_eop_o" is virtual output pin File: C:/git_folder/triton_func/modules/ip_lib/can_bus_controller_fd/devel/syn/top.vhd Line: 42
    Info (15719): Pin "rx_llc_data_o[0]" is virtual output pin File: C:/git_folder/triton_func/modules/ip_lib/can_bus_controller_fd/devel/syn/top.vhd Line: 43
    Info (15719): Pin "rx_llc_data_o[1]" is virtual output pin File: C:/git_folder/triton_func/modules/ip_lib/can_bus_controller_fd/devel/syn/top.vhd Line: 43
    Info (15719): Pin "rx_llc_data_o[2]" is virtual output pin File: C:/git_folder/triton_func/modules/ip_lib/can_bus_controller_fd/devel/syn/top.vhd Line: 43
    Info (15719): Pin "rx_llc_data_o[3]" is virtual output pin File: C:/git_folder/triton_func/modules/ip_lib/can_bus_controller_fd/devel/syn/top.vhd Line: 43
    Info (15719): Pin "rx_llc_data_o[4]" is virtual output pin File: C:/git_folder/triton_func/modules/ip_lib/can_bus_controller_fd/devel/syn/top.vhd Line: 43
    Info (15719): Pin "rx_llc_data_o[5]" is virtual output pin File: C:/git_folder/triton_func/modules/ip_lib/can_bus_controller_fd/devel/syn/top.vhd Line: 43
    Info (15719): Pin "rx_llc_data_o[6]" is virtual output pin File: C:/git_folder/triton_func/modules/ip_lib/can_bus_controller_fd/devel/syn/top.vhd Line: 43
    Info (15719): Pin "rx_llc_data_o[7]" is virtual output pin File: C:/git_folder/triton_func/modules/ip_lib/can_bus_controller_fd/devel/syn/top.vhd Line: 43
    Info (15719): Pin "fce_bus_off_o" is virtual output pin File: C:/git_folder/triton_func/modules/ip_lib/can_bus_controller_fd/devel/syn/top.vhd Line: 46
    Info (15719): Pin "tx_o" is virtual output pin File: C:/git_folder/triton_func/modules/ip_lib/can_bus_controller_fd/devel/syn/top.vhd Line: 48
    Info (15718): Pin "clk_i" is virtual input pin File: C:/git_folder/triton_func/modules/ip_lib/can_bus_controller_fd/devel/syn/top.vhd Line: 27
    Info (15718): Pin "tx_llc_valid_i" is virtual input pin File: C:/git_folder/triton_func/modules/ip_lib/can_bus_controller_fd/devel/syn/top.vhd Line: 30
    Info (15718): Pin "reset_i" is virtual input pin File: C:/git_folder/triton_func/modules/ip_lib/can_bus_controller_fd/devel/syn/top.vhd Line: 28
    Info (15718): Pin "fce_normal_mode_i" is virtual input pin File: C:/git_folder/triton_func/modules/ip_lib/can_bus_controller_fd/devel/syn/top.vhd Line: 45
    Info (15718): Pin "rx_i" is virtual input pin File: C:/git_folder/triton_func/modules/ip_lib/can_bus_controller_fd/devel/syn/top.vhd Line: 49
    Info (15718): Pin "tx_llc_sop_i" is virtual input pin File: C:/git_folder/triton_func/modules/ip_lib/can_bus_controller_fd/devel/syn/top.vhd Line: 31
    Info (15718): Pin "rx_llc_ready_i" is virtual input pin File: C:/git_folder/triton_func/modules/ip_lib/can_bus_controller_fd/devel/syn/top.vhd Line: 38
    Info (15718): Pin "tx_llc_data_i[5]" is virtual input pin File: C:/git_folder/triton_func/modules/ip_lib/can_bus_controller_fd/devel/syn/top.vhd Line: 33
    Info (15718): Pin "tx_llc_data_i[6]" is virtual input pin File: C:/git_folder/triton_func/modules/ip_lib/can_bus_controller_fd/devel/syn/top.vhd Line: 33
    Info (15718): Pin "tx_llc_data_i[7]" is virtual input pin File: C:/git_folder/triton_func/modules/ip_lib/can_bus_controller_fd/devel/syn/top.vhd Line: 33
    Info (15718): Pin "tx_llc_data_i[4]" is virtual input pin File: C:/git_folder/triton_func/modules/ip_lib/can_bus_controller_fd/devel/syn/top.vhd Line: 33
    Info (15718): Pin "tx_llc_data_i[3]" is virtual input pin File: C:/git_folder/triton_func/modules/ip_lib/can_bus_controller_fd/devel/syn/top.vhd Line: 33
    Info (15718): Pin "tx_llc_data_i[2]" is virtual input pin File: C:/git_folder/triton_func/modules/ip_lib/can_bus_controller_fd/devel/syn/top.vhd Line: 33
    Info (15718): Pin "tx_llc_data_i[1]" is virtual input pin File: C:/git_folder/triton_func/modules/ip_lib/can_bus_controller_fd/devel/syn/top.vhd Line: 33
    Info (15718): Pin "tx_llc_data_i[0]" is virtual input pin File: C:/git_folder/triton_func/modules/ip_lib/can_bus_controller_fd/devel/syn/top.vhd Line: 33
Info (21057): Implemented 4651 device resources after synthesis - the final resource count might be different
    Info (21058): Implemented 0 input pins
    Info (21059): Implemented 0 output pins
    Info (21061): Implemented 4651 logic cells
Info: Quartus Prime Analysis & Synthesis was successful. 0 errors, 3 warnings
    Info: Peak virtual memory: 4994 megabytes
    Info: Processing ended: Mon May 18 15:01:44 2026
    Info: Elapsed time: 00:00:29
    Info: Total CPU time (on all processors): 00:00:37


